<?xml version="1.0" encoding="utf-8"?>
<TestRun id="02d8239b-2433-4e2e-a909-4479a800e559" name="davyd.mcColl@CODEO-LT-45 2023-09-01 12:25:15" runUser="CLYRAL\davyd.mcColl" xmlns="http://microsoft.com/schemas/VisualStudio/TeamTest/2010">
  <Times creation="2023-09-01T12:25:15.0169932+02:00" queuing="2023-09-01T12:25:15.0169934+02:00" start="2023-09-01T12:25:14.4005242+02:00" finish="2023-09-01T12:25:15.0290893+02:00" />
  <TestSettings name="default" id="366563f4-c395-43a9-b554-b9f57f8b23a7">
    <Deployment runDeploymentRoot="davyd.mcColl_CODEO-LT-45_2023-09-01_12_25_15" />
  </TestSettings>
  <Results>
    <UnitTestResult executionId="1ef7aac8-9ea2-4328-8e3e-4f7339b15452" testId="2d9af83e-a95f-fa28-1af3-3fa85f1d31ba" testName="WhenHaveReceivedTooFew_ShouldThrow" computerName="CODEO-LT-45" duration="00:00:00.0020680" startTime="2023-09-01T12:25:14.9543479+02:00" endTime="2023-09-01T12:25:14.9564159+02:00" testType="13cdc9d9-ddb5-4fa4-a97d-d965ccfc6d4b" outcome="Passed" testListId="8c84fa94-04c1-424b-9868-57a2d4851a1d" relativeResultsDirectory="1ef7aac8-9ea2-4328-8e3e-4f7339b15452" />
    <UnitTestResult executionId="a529885d-27d9-40ac-9f8f-e32522c9914e" testId="2ab46e3a-5b8c-3197-f5e9-09ed1879aa79" testName="ShouldPassNegatedWhenSubHasReceivedNoCalls" computerName="CODEO-LT-45" duration="00:00:00.0015620" startTime="2023-09-01T12:25:14.9367444+02:00" endTime="2023-09-01T12:25:14.9383066+02:00" testType="13cdc9d9-ddb5-4fa4-a97d-d965ccfc6d4b" outcome="Passed" testListId="8c84fa94-04c1-424b-9868-57a2d4851a1d" relativeResultsDirectory="a529885d-27d9-40ac-9f8f-e32522c9914e" />
    <UnitTestResult executionId="9fd4efe6-bd95-4a3e-8777-363caf6fd07d" testId="9e048bb1-aec5-c94d-ef8b-c959b38f038c" testName="ShouldFailWhenSubHasReceivedNoCalls" computerName="CODEO-LT-45" duration="00:00:00.0026480" startTime="2023-09-01T12:25:14.9312245+02:00" endTime="2023-09-01T12:25:14.9338728+02:00" testType="13cdc9d9-ddb5-4fa4-a97d-d965ccfc6d4b" outcome="Passed" testListId="8c84fa94-04c1-424b-9868-57a2d4851a1d" relativeResultsDirectory="9fd4efe6-bd95-4a3e-8777-363caf6fd07d" />
    <UnitTestResult executionId="52cf00f1-f0db-4ca8-8f9b-e74a0334b158" testId="beec1d74-f0f4-499a-bf7d-ff2c7b25ad63" testName="ShouldPassWhenSubHasReceivedAnyCall" computerName="CODEO-LT-45" duration="00:00:00.0013760" startTime="2023-09-01T12:25:14.9383299+02:00" endTime="2023-09-01T12:25:14.9397059+02:00" testType="13cdc9d9-ddb5-4fa4-a97d-d965ccfc6d4b" outcome="Passed" testListId="8c84fa94-04c1-424b-9868-57a2d4851a1d" relativeResultsDirectory="52cf00f1-f0db-4ca8-8f9b-e74a0334b158" />
    <UnitTestResult executionId="8b2e40bd-3bd8-4184-8d5f-edb0fce9ed6b" testId="07bffc59-74db-9f67-6b1f-79245c16b010" testName="ShouldNotTriggerIncompleteAssertions" computerName="CODEO-LT-45" duration="00:00:00.0065200" startTime="2023-09-01T12:25:14.9420817+02:00" endTime="2023-09-01T12:25:14.9486015+02:00" testType="13cdc9d9-ddb5-4fa4-a97d-d965ccfc6d4b" outcome="Passed" testListId="8c84fa94-04c1-424b-9868-57a2d4851a1d" relativeResultsDirectory="8b2e40bd-3bd8-4184-8d5f-edb0fce9ed6b" />
    <UnitTestResult executionId="99777f50-19ff-4ba2-8903-05900adffaa1" testId="80dd9cfa-d9fb-4d9c-7949-c260fbbbb504" testName="ShouldGiveUsefulErrorWhenNotWorkingWithASub" computerName="CODEO-LT-45" duration="00:00:00.0028090" startTime="2023-09-01T12:25:14.9339193+02:00" endTime="2023-09-01T12:25:14.9367281+02:00" testType="13cdc9d9-ddb5-4fa4-a97d-d965ccfc6d4b" outcome="Passed" testListId="8c84fa94-04c1-424b-9868-57a2d4851a1d" relativeResultsDirectory="99777f50-19ff-4ba2-8903-05900adffaa1" />
    <UnitTestResult executionId="95f56c05-00b7-4b70-b5ca-53dbed17ed6a" testId="bf1ccb2e-fcfe-1d50-f0b1-deb67dbce257" testName="WhenHaveReceivedAny_ShouldNotThrow" computerName="CODEO-LT-45" duration="00:00:00.0011950" startTime="2023-09-01T12:25:14.9502663+02:00" endTime="2023-09-01T12:25:14.9514612+02:00" testType="13cdc9d9-ddb5-4fa4-a97d-d965ccfc6d4b" outcome="Passed" testListId="8c84fa94-04c1-424b-9868-57a2d4851a1d" relativeResultsDirectory="95f56c05-00b7-4b70-b5ca-53dbed17ed6a" />
    <UnitTestResult executionId="c8035511-1875-4515-859f-67d497d7061a" testId="7d7c5c27-a246-52f5-c8f4-2c490c3f169d" testName="ShouldNotAllowCallCountOnNegation" computerName="CODEO-LT-45" duration="00:00:00.0007530" startTime="2023-09-01T12:25:14.9571299+02:00" endTime="2023-09-01T12:25:14.9578829+02:00" testType="13cdc9d9-ddb5-4fa4-a97d-d965ccfc6d4b" outcome="Passed" testListId="8c84fa94-04c1-424b-9868-57a2d4851a1d" relativeResultsDirectory="c8035511-1875-4515-859f-67d497d7061a" />
    <UnitTestResult executionId="9708be38-46e4-4efe-8db8-81d4c4be71cc" testId="b6f3cd5c-62be-f090-2789-1b10fef6efc1" testName="WhenHaveReceivedNoneAndExpectingAny_ShouldThrow" computerName="CODEO-LT-45" duration="00:00:00.0018800" startTime="2023-09-01T12:25:14.9514828+02:00" endTime="2023-09-01T12:25:14.9533623+02:00" testType="13cdc9d9-ddb5-4fa4-a97d-d965ccfc6d4b" outcome="Passed" testListId="8c84fa94-04c1-424b-9868-57a2d4851a1d" relativeResultsDirectory="9708be38-46e4-4efe-8db8-81d4c4be71cc" />
    <UnitTestResult executionId="14e4ce1d-6d65-474c-9317-3efe65da9742" testId="480ee193-e490-c5c4-5120-0ef5a9622656" testName="WhenHaveReceivedTheCorrectAmount_ShouldNotThrow" computerName="CODEO-LT-45" duration="00:00:00.0009420" startTime="2023-09-01T12:25:14.9533862+02:00" endTime="2023-09-01T12:25:14.9543274+02:00" testType="13cdc9d9-ddb5-4fa4-a97d-d965ccfc6d4b" outcome="Passed" testListId="8c84fa94-04c1-424b-9868-57a2d4851a1d" relativeResultsDirectory="14e4ce1d-6d65-474c-9317-3efe65da9742" />
    <UnitTestResult executionId="c796385a-27db-47ee-9274-1029ad348e70" testId="02318e84-a774-3185-eadc-07007fc372a8" testName="ShouldFailWhenNegatedAndSubHasReceivedCall" computerName="CODEO-LT-45" duration="00:00:00.1128500" startTime="2023-09-01T12:25:14.8172636+02:00" endTime="2023-09-01T12:25:14.9300669+02:00" testType="13cdc9d9-ddb5-4fa4-a97d-d965ccfc6d4b" outcome="Passed" testListId="8c84fa94-04c1-424b-9868-57a2d4851a1d" relativeResultsDirectory="c796385a-27db-47ee-9274-1029ad348e70" />
    <UnitTestResult executionId="3ef68bda-2385-4629-8e4a-18b450dc516a" testId="8aff36db-771d-66e9-572a-76536598e31c" testName="WhenHaveReceivedTooMany_ShouldThrow" computerName="CODEO-LT-45" duration="00:00:00.0006080" startTime="2023-09-01T12:25:14.9564324+02:00" endTime="2023-09-01T12:25:14.9570403+02:00" testType="13cdc9d9-ddb5-4fa4-a97d-d965ccfc6d4b" outcome="Passed" testListId="8c84fa94-04c1-424b-9868-57a2d4851a1d" relativeResultsDirectory="3ef68bda-2385-4629-8e4a-18b450dc516a" />
    <UnitTestResult executionId="d5cf5d07-5651-45a2-a005-615392c04055" testId="39bcca84-78b5-a5f9-3687-3472d9e837e1" testName="WhenReceivedNone_ShouldNotThrow" computerName="CODEO-LT-45" duration="00:00:00.0009030" startTime="2023-09-01T12:25:14.9578933+02:00" endTime="2023-09-01T12:25:14.9587955+02:00" testType="13cdc9d9-ddb5-4fa4-a97d-d965ccfc6d4b" outcome="Passed" testListId="8c84fa94-04c1-424b-9868-57a2d4851a1d" relativeResultsDirectory="d5cf5d07-5651-45a2-a005-615392c04055" />
    <UnitTestResult executionId="6c330f2e-3b7a-4f2c-be49-12b17813489c" testId="226a2a8c-fc02-bab0-468c-225bd73e8efe" testName="WhenReceivedSome_ShouldThrow" computerName="CODEO-LT-45" duration="00:00:00.0006669" startTime="2023-09-01T12:25:14.9588098+02:00" endTime="2023-09-01T12:25:14.9594769+02:00" testType="13cdc9d9-ddb5-4fa4-a97d-d965ccfc6d4b" outcome="Passed" testListId="8c84fa94-04c1-424b-9868-57a2d4851a1d" relativeResultsDirectory="6c330f2e-3b7a-4f2c-be49-12b17813489c" />
  </Results>
  <TestDefinitions>
    <UnitTest name="ShouldFailWhenNegatedAndSubHasReceivedCall" storage="c:\temp\__sandboxes__\3a14d527-d83e-43a3-a749-98cd2501fca1\src\nexpect.matchers.nsubstitute.tests\bin\debug\net7.0\nexpect.matchers.nsubstitute.tests.dll" id="02318e84-a774-3185-eadc-07007fc372a8">
      <Execution id="c796385a-27db-47ee-9274-1029ad348e70" />
      <TestMethod codeBase="C:\Temp\__sandboxes__\3a14d527-d83e-43a3-a749-98cd2501fca1\src\NExpect.Matchers.NSubstitute.Tests\bin\Debug\net7.0\NExpect.Matchers.NSubstitute.Tests.dll" adapterTypeName="executor://nunit3testexecutor/" className="NExpect.Matchers.NSubstitute.Tests.TestCalledMatchers" name="ShouldFailWhenNegatedAndSubHasReceivedCall" />
    </UnitTest>
    <UnitTest name="ShouldNotTriggerIncompleteAssertions" storage="c:\temp\__sandboxes__\3a14d527-d83e-43a3-a749-98cd2501fca1\src\nexpect.matchers.nsubstitute.tests\bin\debug\net7.0\nexpect.matchers.nsubstitute.tests.dll" id="07bffc59-74db-9f67-6b1f-79245c16b010">
      <Execution id="8b2e40bd-3bd8-4184-8d5f-edb0fce9ed6b" />
      <TestMethod codeBase="C:\Temp\__sandboxes__\3a14d527-d83e-43a3-a749-98cd2501fca1\src\NExpect.Matchers.NSubstitute.Tests\bin\Debug\net7.0\NExpect.Matchers.NSubstitute.Tests.dll" adapterTypeName="executor://nunit3testexecutor/" className="NExpect.Matchers.NSubstitute.Tests.TestReceivedExtensions" name="ShouldNotTriggerIncompleteAssertions" />
    </UnitTest>
    <UnitTest name="ShouldNotAllowCallCountOnNegation" storage="c:\temp\__sandboxes__\3a14d527-d83e-43a3-a749-98cd2501fca1\src\nexpect.matchers.nsubstitute.tests\bin\debug\net7.0\nexpect.matchers.nsubstitute.tests.dll" id="7d7c5c27-a246-52f5-c8f4-2c490c3f169d">
      <Execution id="c8035511-1875-4515-859f-67d497d7061a" />
      <TestMethod codeBase="C:\Temp\__sandboxes__\3a14d527-d83e-43a3-a749-98cd2501fca1\src\NExpect.Matchers.NSubstitute.Tests\bin\Debug\net7.0\NExpect.Matchers.NSubstitute.Tests.dll" adapterTypeName="executor://nunit3testexecutor/" className="NExpect.Matchers.NSubstitute.Tests.TestReceivedExtensions+WhenNotExpectingToReceive" name="ShouldNotAllowCallCountOnNegation" />
    </UnitTest>
    <UnitTest name="WhenReceivedNone_ShouldNotThrow" storage="c:\temp\__sandboxes__\3a14d527-d83e-43a3-a749-98cd2501fca1\src\nexpect.matchers.nsubstitute.tests\bin\debug\net7.0\nexpect.matchers.nsubstitute.tests.dll" id="39bcca84-78b5-a5f9-3687-3472d9e837e1">
      <Execution id="d5cf5d07-5651-45a2-a005-615392c04055" />
      <TestMethod codeBase="C:\Temp\__sandboxes__\3a14d527-d83e-43a3-a749-98cd2501fca1\src\NExpect.Matchers.NSubstitute.Tests\bin\Debug\net7.0\NExpect.Matchers.NSubstitute.Tests.dll" adapterTypeName="executor://nunit3testexecutor/" className="NExpect.Matchers.NSubstitute.Tests.TestReceivedExtensions+WhenNotExpectingToReceive" name="WhenReceivedNone_ShouldNotThrow" />
    </UnitTest>
    <UnitTest name="WhenHaveReceivedTheCorrectAmount_ShouldNotThrow" storage="c:\temp\__sandboxes__\3a14d527-d83e-43a3-a749-98cd2501fca1\src\nexpect.matchers.nsubstitute.tests\bin\debug\net7.0\nexpect.matchers.nsubstitute.tests.dll" id="480ee193-e490-c5c4-5120-0ef5a9622656">
      <Execution id="14e4ce1d-6d65-474c-9317-3efe65da9742" />
      <TestMethod codeBase="C:\Temp\__sandboxes__\3a14d527-d83e-43a3-a749-98cd2501fca1\src\NExpect.Matchers.NSubstitute.Tests\bin\Debug\net7.0\NExpect.Matchers.NSubstitute.Tests.dll" adapterTypeName="executor://nunit3testexecutor/" className="NExpect.Matchers.NSubstitute.Tests.TestReceivedExtensions+WhenExpectingToReceive" name="WhenHaveReceivedTheCorrectAmount_ShouldNotThrow" />
    </UnitTest>
    <UnitTest name="ShouldFailWhenSubHasReceivedNoCalls" storage="c:\temp\__sandboxes__\3a14d527-d83e-43a3-a749-98cd2501fca1\src\nexpect.matchers.nsubstitute.tests\bin\debug\net7.0\nexpect.matchers.nsubstitute.tests.dll" id="9e048bb1-aec5-c94d-ef8b-c959b38f038c">
      <Execution id="9fd4efe6-bd95-4a3e-8777-363caf6fd07d" />
      <TestMethod codeBase="C:\Temp\__sandboxes__\3a14d527-d83e-43a3-a749-98cd2501fca1\src\NExpect.Matchers.NSubstitute.Tests\bin\Debug\net7.0\NExpect.Matchers.NSubstitute.Tests.dll" adapterTypeName="executor://nunit3testexecutor/" className="NExpect.Matchers.NSubstitute.Tests.TestCalledMatchers" name="ShouldFailWhenSubHasReceivedNoCalls" />
    </UnitTest>
    <UnitTest name="ShouldPassWhenSubHasReceivedAnyCall" storage="c:\temp\__sandboxes__\3a14d527-d83e-43a3-a749-98cd2501fca1\src\nexpect.matchers.nsubstitute.tests\bin\debug\net7.0\nexpect.matchers.nsubstitute.tests.dll" id="beec1d74-f0f4-499a-bf7d-ff2c7b25ad63">
      <Execution id="52cf00f1-f0db-4ca8-8f9b-e74a0334b158" />
      <TestMethod codeBase="C:\Temp\__sandboxes__\3a14d527-d83e-43a3-a749-98cd2501fca1\src\NExpect.Matchers.NSubstitute.Tests\bin\Debug\net7.0\NExpect.Matchers.NSubstitute.Tests.dll" adapterTypeName="executor://nunit3testexecutor/" className="NExpect.Matchers.NSubstitute.Tests.TestCalledMatchers" name="ShouldPassWhenSubHasReceivedAnyCall" />
    </UnitTest>
    <UnitTest name="WhenHaveReceivedTooFew_ShouldThrow" storage="c:\temp\__sandboxes__\3a14d527-d83e-43a3-a749-98cd2501fca1\src\nexpect.matchers.nsubstitute.tests\bin\debug\net7.0\nexpect.matchers.nsubstitute.tests.dll" id="2d9af83e-a95f-fa28-1af3-3fa85f1d31ba">
      <Execution id="1ef7aac8-9ea2-4328-8e3e-4f7339b15452" />
      <TestMethod codeBase="C:\Temp\__sandboxes__\3a14d527-d83e-43a3-a749-98cd2501fca1\src\NExpect.Matchers.NSubstitute.Tests\bin\Debug\net7.0\NExpect.Matchers.NSubstitute.Tests.dll" adapterTypeName="executor://nunit3testexecutor/" className="NExpect.Matchers.NSubstitute.Tests.TestReceivedExtensions+WhenExpectingToReceive" name="WhenHaveReceivedTooFew_ShouldThrow" />
    </UnitTest>
    <UnitTest name="ShouldGiveUsefulErrorWhenNotWorkingWithASub" storage="c:\temp\__sandboxes__\3a14d527-d83e-43a3-a749-98cd2501fca1\src\nexpect.matchers.nsubstitute.tests\bin\debug\net7.0\nexpect.matchers.nsubstitute.tests.dll" id="80dd9cfa-d9fb-4d9c-7949-c260fbbbb504">
      <Execution id="99777f50-19ff-4ba2-8903-05900adffaa1" />
      <TestMethod codeBase="C:\Temp\__sandboxes__\3a14d527-d83e-43a3-a749-98cd2501fca1\src\NExpect.Matchers.NSubstitute.Tests\bin\Debug\net7.0\NExpect.Matchers.NSubstitute.Tests.dll" adapterTypeName="executor://nunit3testexecutor/" className="NExpect.Matchers.NSubstitute.Tests.TestCalledMatchers" name="ShouldGiveUsefulErrorWhenNotWorkingWithASub" />
    </UnitTest>
    <UnitTest name="WhenHaveReceivedAny_ShouldNotThrow" storage="c:\temp\__sandboxes__\3a14d527-d83e-43a3-a749-98cd2501fca1\src\nexpect.matchers.nsubstitute.tests\bin\debug\net7.0\nexpect.matchers.nsubstitute.tests.dll" id="bf1ccb2e-fcfe-1d50-f0b1-deb67dbce257">
      <Execution id="95f56c05-00b7-4b70-b5ca-53dbed17ed6a" />
      <TestMethod codeBase="C:\Temp\__sandboxes__\3a14d527-d83e-43a3-a749-98cd2501fca1\src\NExpect.Matchers.NSubstitute.Tests\bin\Debug\net7.0\NExpect.Matchers.NSubstitute.Tests.dll" adapterTypeName="executor://nunit3testexecutor/" className="NExpect.Matchers.NSubstitute.Tests.TestReceivedExtensions+WhenExpectingToReceive" name="WhenHaveReceivedAny_ShouldNotThrow" />
    </UnitTest>
    <UnitTest name="WhenHaveReceivedNoneAndExpectingAny_ShouldThrow" storage="c:\temp\__sandboxes__\3a14d527-d83e-43a3-a749-98cd2501fca1\src\nexpect.matchers.nsubstitute.tests\bin\debug\net7.0\nexpect.matchers.nsubstitute.tests.dll" id="b6f3cd5c-62be-f090-2789-1b10fef6efc1">
      <Execution id="9708be38-46e4-4efe-8db8-81d4c4be71cc" />
      <TestMethod codeBase="C:\Temp\__sandboxes__\3a14d527-d83e-43a3-a749-98cd2501fca1\src\NExpect.Matchers.NSubstitute.Tests\bin\Debug\net7.0\NExpect.Matchers.NSubstitute.Tests.dll" adapterTypeName="executor://nunit3testexecutor/" className="NExpect.Matchers.NSubstitute.Tests.TestReceivedExtensions+WhenExpectingToReceive" name="WhenHaveReceivedNoneAndExpectingAny_ShouldThrow" />
    </UnitTest>
    <UnitTest name="WhenHaveReceivedTooMany_ShouldThrow" storage="c:\temp\__sandboxes__\3a14d527-d83e-43a3-a749-98cd2501fca1\src\nexpect.matchers.nsubstitute.tests\bin\debug\net7.0\nexpect.matchers.nsubstitute.tests.dll" id="8aff36db-771d-66e9-572a-76536598e31c">
      <Execution id="3ef68bda-2385-4629-8e4a-18b450dc516a" />
      <TestMethod codeBase="C:\Temp\__sandboxes__\3a14d527-d83e-43a3-a749-98cd2501fca1\src\NExpect.Matchers.NSubstitute.Tests\bin\Debug\net7.0\NExpect.Matchers.NSubstitute.Tests.dll" adapterTypeName="executor://nunit3testexecutor/" className="NExpect.Matchers.NSubstitute.Tests.TestReceivedExtensions+WhenExpectingToReceive" name="WhenHaveReceivedTooMany_ShouldThrow" />
    </UnitTest>
    <UnitTest name="ShouldPassNegatedWhenSubHasReceivedNoCalls" storage="c:\temp\__sandboxes__\3a14d527-d83e-43a3-a749-98cd2501fca1\src\nexpect.matchers.nsubstitute.tests\bin\debug\net7.0\nexpect.matchers.nsubstitute.tests.dll" id="2ab46e3a-5b8c-3197-f5e9-09ed1879aa79">
      <Execution id="a529885d-27d9-40ac-9f8f-e32522c9914e" />
      <TestMethod codeBase="C:\Temp\__sandboxes__\3a14d527-d83e-43a3-a749-98cd2501fca1\src\NExpect.Matchers.NSubstitute.Tests\bin\Debug\net7.0\NExpect.Matchers.NSubstitute.Tests.dll" adapterTypeName="executor://nunit3testexecutor/" className="NExpect.Matchers.NSubstitute.Tests.TestCalledMatchers" name="ShouldPassNegatedWhenSubHasReceivedNoCalls" />
    </UnitTest>
    <UnitTest name="WhenReceivedSome_ShouldThrow" storage="c:\temp\__sandboxes__\3a14d527-d83e-43a3-a749-98cd2501fca1\src\nexpect.matchers.nsubstitute.tests\bin\debug\net7.0\nexpect.matchers.nsubstitute.tests.dll" id="226a2a8c-fc02-bab0-468c-225bd73e8efe">
      <Execution id="6c330f2e-3b7a-4f2c-be49-12b17813489c" />
      <TestMethod codeBase="C:\Temp\__sandboxes__\3a14d527-d83e-43a3-a749-98cd2501fca1\src\NExpect.Matchers.NSubstitute.Tests\bin\Debug\net7.0\NExpect.Matchers.NSubstitute.Tests.dll" adapterTypeName="executor://nunit3testexecutor/" className="NExpect.Matchers.NSubstitute.Tests.TestReceivedExtensions+WhenNotExpectingToReceive" name="WhenReceivedSome_ShouldThrow" />
    </UnitTest>
  </TestDefinitions>
  <TestEntries>
    <TestEntry testId="2d9af83e-a95f-fa28-1af3-3fa85f1d31ba" executionId="1ef7aac8-9ea2-4328-8e3e-4f7339b15452" testListId="8c84fa94-04c1-424b-9868-57a2d4851a1d" />
    <TestEntry testId="2ab46e3a-5b8c-3197-f5e9-09ed1879aa79" executionId="a529885d-27d9-40ac-9f8f-e32522c9914e" testListId="8c84fa94-04c1-424b-9868-57a2d4851a1d" />
    <TestEntry testId="9e048bb1-aec5-c94d-ef8b-c959b38f038c" executionId="9fd4efe6-bd95-4a3e-8777-363caf6fd07d" testListId="8c84fa94-04c1-424b-9868-57a2d4851a1d" />
    <TestEntry testId="beec1d74-f0f4-499a-bf7d-ff2c7b25ad63" executionId="52cf00f1-f0db-4ca8-8f9b-e74a0334b158" testListId="8c84fa94-04c1-424b-9868-57a2d4851a1d" />
    <TestEntry testId="07bffc59-74db-9f67-6b1f-79245c16b010" executionId="8b2e40bd-3bd8-4184-8d5f-edb0fce9ed6b" testListId="8c84fa94-04c1-424b-9868-57a2d4851a1d" />
    <TestEntry testId="80dd9cfa-d9fb-4d9c-7949-c260fbbbb504" executionId="99777f50-19ff-4ba2-8903-05900adffaa1" testListId="8c84fa94-04c1-424b-9868-57a2d4851a1d" />
    <TestEntry testId="bf1ccb2e-fcfe-1d50-f0b1-deb67dbce257" executionId="95f56c05-00b7-4b70-b5ca-53dbed17ed6a" testListId="8c84fa94-04c1-424b-9868-57a2d4851a1d" />
    <TestEntry testId="7d7c5c27-a246-52f5-c8f4-2c490c3f169d" executionId="c8035511-1875-4515-859f-67d497d7061a" testListId="8c84fa94-04c1-424b-9868-57a2d4851a1d" />
    <TestEntry testId="b6f3cd5c-62be-f090-2789-1b10fef6efc1" executionId="9708be38-46e4-4efe-8db8-81d4c4be71cc" testListId="8c84fa94-04c1-424b-9868-57a2d4851a1d" />
    <TestEntry testId="480ee193-e490-c5c4-5120-0ef5a9622656" executionId="14e4ce1d-6d65-474c-9317-3efe65da9742" testListId="8c84fa94-04c1-424b-9868-57a2d4851a1d" />
    <TestEntry testId="02318e84-a774-3185-eadc-07007fc372a8" executionId="c796385a-27db-47ee-9274-1029ad348e70" testListId="8c84fa94-04c1-424b-9868-57a2d4851a1d" />
    <TestEntry testId="8aff36db-771d-66e9-572a-76536598e31c" executionId="3ef68bda-2385-4629-8e4a-18b450dc516a" testListId="8c84fa94-04c1-424b-9868-57a2d4851a1d" />
    <TestEntry testId="39bcca84-78b5-a5f9-3687-3472d9e837e1" executionId="d5cf5d07-5651-45a2-a005-615392c04055" testListId="8c84fa94-04c1-424b-9868-57a2d4851a1d" />
    <TestEntry testId="226a2a8c-fc02-bab0-468c-225bd73e8efe" executionId="6c330f2e-3b7a-4f2c-be49-12b17813489c" testListId="8c84fa94-04c1-424b-9868-57a2d4851a1d" />
  </TestEntries>
  <TestLists>
    <TestList name="Results Not in a List" id="8c84fa94-04c1-424b-9868-57a2d4851a1d" />
    <TestList name="All Loaded Results" id="19431567-8539-422a-85d7-44ee4e166bda" />
  </TestLists>
  <ResultSummary outcome="Completed">
    <Counters total="14" executed="14" passed="14" failed="0" error="0" timeout="0" aborted="0" inconclusive="0" passedButRunAborted="0" notRunnable="0" notExecuted="0" disconnected="0" warning="0" completed="0" inProgress="0" pending="0" />
    <Output>
      <StdOut>NUnit Adapter 4.5.0.0: Test execution started&#xD;
Running all tests in C:\Temp\__sandboxes__\3a14d527-d83e-43a3-a749-98cd2501fca1\src\NExpect.Matchers.NSubstitute.Tests\bin\Debug\net7.0\NExpect.Matchers.NSubstitute.Tests.dll&#xD;
   NUnit3TestExecutor discovered 14 of 14 NUnit test cases using Current Discovery mode, Non-Explicit run&#xD;
NUnit Adapter 4.5.0.0: Test execution complete&#xD;
</StdOut>
    </Output>
  </ResultSummary>
</TestRun>