<?xml version="1.0" encoding="utf-8"?>
<TestRun id="99d46159-4dcc-4d08-aece-c915a6d96ca9" name="davyd.mcColl@CODEO-LT-45 2023-09-01 13:52:14" runUser="CLYRAL\davyd.mcColl" xmlns="http://microsoft.com/schemas/VisualStudio/TeamTest/2010">
  <Times creation="2023-09-01T13:52:14.3638485+02:00" queuing="2023-09-01T13:52:14.3638488+02:00" start="2023-09-01T13:52:13.7773222+02:00" finish="2023-09-01T13:52:14.3946142+02:00" />
  <TestSettings name="default" id="e90626c5-1364-4a6d-9eac-5ba62bd993b5">
    <Deployment runDeploymentRoot="davyd.mcColl_CODEO-LT-45_2023-09-01_13_52_14" />
  </TestSettings>
  <Results>
    <UnitTestResult executionId="6bc9a811-0541-43c1-9f8e-43e583d467b2" testId="2d9af83e-a95f-fa28-1af3-3fa85f1d31ba" testName="WhenHaveReceivedTooFew_ShouldThrow" computerName="CODEO-LT-45" duration="00:00:00.0020420" startTime="2023-09-01T13:52:14.3173389+02:00" endTime="2023-09-01T13:52:14.3193803+02:00" testType="13cdc9d9-ddb5-4fa4-a97d-d965ccfc6d4b" outcome="Passed" testListId="8c84fa94-04c1-424b-9868-57a2d4851a1d" relativeResultsDirectory="6bc9a811-0541-43c1-9f8e-43e583d467b2" />
    <UnitTestResult executionId="9d697844-4643-4003-909f-9d0a415536bf" testId="39bcca84-78b5-a5f9-3687-3472d9e837e1" testName="WhenReceivedNone_ShouldNotThrow" computerName="CODEO-LT-45" duration="00:00:00.0006050" startTime="2023-09-01T13:52:14.3209568+02:00" endTime="2023-09-01T13:52:14.3215621+02:00" testType="13cdc9d9-ddb5-4fa4-a97d-d965ccfc6d4b" outcome="Passed" testListId="8c84fa94-04c1-424b-9868-57a2d4851a1d" relativeResultsDirectory="9d697844-4643-4003-909f-9d0a415536bf" />
    <UnitTestResult executionId="69bd9903-bfac-4898-8c5b-47f84d9db5b5" testId="226a2a8c-fc02-bab0-468c-225bd73e8efe" testName="WhenReceivedSome_ShouldThrow" computerName="CODEO-LT-45" duration="00:00:00.0005380" startTime="2023-09-01T13:52:14.3215713+02:00" endTime="2023-09-01T13:52:14.3221089+02:00" testType="13cdc9d9-ddb5-4fa4-a97d-d965ccfc6d4b" outcome="Passed" testListId="8c84fa94-04c1-424b-9868-57a2d4851a1d" relativeResultsDirectory="69bd9903-bfac-4898-8c5b-47f84d9db5b5" />
    <UnitTestResult executionId="61f22080-2f89-4266-8de4-9b335461ad13" testId="beec1d74-f0f4-499a-bf7d-ff2c7b25ad63" testName="ShouldPassWhenSubHasReceivedAnyCall" computerName="CODEO-LT-45" duration="00:00:00.0014009" startTime="2023-09-01T13:52:14.2976889+02:00" endTime="2023-09-01T13:52:14.2990900+02:00" testType="13cdc9d9-ddb5-4fa4-a97d-d965ccfc6d4b" outcome="Passed" testListId="8c84fa94-04c1-424b-9868-57a2d4851a1d" relativeResultsDirectory="61f22080-2f89-4266-8de4-9b335461ad13" />
    <UnitTestResult executionId="c6d94270-325b-4295-a700-c7c9b0068c9d" testId="9e048bb1-aec5-c94d-ef8b-c959b38f038c" testName="ShouldFailWhenSubHasReceivedNoCalls" computerName="CODEO-LT-45" duration="00:00:00.0024060" startTime="2023-09-01T13:52:14.2912677+02:00" endTime="2023-09-01T13:52:14.2936740+02:00" testType="13cdc9d9-ddb5-4fa4-a97d-d965ccfc6d4b" outcome="Passed" testListId="8c84fa94-04c1-424b-9868-57a2d4851a1d" relativeResultsDirectory="c6d94270-325b-4295-a700-c7c9b0068c9d" />
    <UnitTestResult executionId="0dc996e0-f7de-4411-8042-c3d3e6f80f05" testId="480ee193-e490-c5c4-5120-0ef5a9622656" testName="WhenHaveReceivedTheCorrectAmount_ShouldNotThrow" computerName="CODEO-LT-45" duration="00:00:00.0008710" startTime="2023-09-01T13:52:14.3164486+02:00" endTime="2023-09-01T13:52:14.3173199+02:00" testType="13cdc9d9-ddb5-4fa4-a97d-d965ccfc6d4b" outcome="Passed" testListId="8c84fa94-04c1-424b-9868-57a2d4851a1d" relativeResultsDirectory="0dc996e0-f7de-4411-8042-c3d3e6f80f05" />
    <UnitTestResult executionId="8d2b851e-6c46-49a7-a5e3-8a3629fdfeb3" testId="07bffc59-74db-9f67-6b1f-79245c16b010" testName="ShouldNotTriggerIncompleteAssertions" computerName="CODEO-LT-45" duration="00:00:00.0086830" startTime="2023-09-01T13:52:14.3013092+02:00" endTime="2023-09-01T13:52:14.3099920+02:00" testType="13cdc9d9-ddb5-4fa4-a97d-d965ccfc6d4b" outcome="Passed" testListId="8c84fa94-04c1-424b-9868-57a2d4851a1d" relativeResultsDirectory="8d2b851e-6c46-49a7-a5e3-8a3629fdfeb3" />
    <UnitTestResult executionId="25527f3c-a037-4fa5-83c0-958842c04889" testId="2ab46e3a-5b8c-3197-f5e9-09ed1879aa79" testName="ShouldPassNegatedWhenSubHasReceivedNoCalls" computerName="CODEO-LT-45" duration="00:00:00.0013480" startTime="2023-09-01T13:52:14.2963299+02:00" endTime="2023-09-01T13:52:14.2976772+02:00" testType="13cdc9d9-ddb5-4fa4-a97d-d965ccfc6d4b" outcome="Passed" testListId="8c84fa94-04c1-424b-9868-57a2d4851a1d" relativeResultsDirectory="25527f3c-a037-4fa5-83c0-958842c04889" />
    <UnitTestResult executionId="a11cab63-1b7d-40fa-a7b5-e058453c6e62" testId="02318e84-a774-3185-eadc-07007fc372a8" testName="ShouldFailWhenNegatedAndSubHasReceivedCall" computerName="CODEO-LT-45" duration="00:00:00.1099920" startTime="2023-09-01T13:52:14.1801002+02:00" endTime="2023-09-01T13:52:14.2900535+02:00" testType="13cdc9d9-ddb5-4fa4-a97d-d965ccfc6d4b" outcome="Passed" testListId="8c84fa94-04c1-424b-9868-57a2d4851a1d" relativeResultsDirectory="a11cab63-1b7d-40fa-a7b5-e058453c6e62" />
    <UnitTestResult executionId="07db4cd6-6e65-4278-9b8f-ac61d3a2462a" testId="7d7c5c27-a246-52f5-c8f4-2c490c3f169d" testName="ShouldNotAllowCallCountOnNegation" computerName="CODEO-LT-45" duration="00:00:00.0007270" startTime="2023-09-01T13:52:14.3202192+02:00" endTime="2023-09-01T13:52:14.3209465+02:00" testType="13cdc9d9-ddb5-4fa4-a97d-d965ccfc6d4b" outcome="Passed" testListId="8c84fa94-04c1-424b-9868-57a2d4851a1d" relativeResultsDirectory="07db4cd6-6e65-4278-9b8f-ac61d3a2462a" />
    <UnitTestResult executionId="cb20a539-002d-457f-b966-c543f9986dd0" testId="8aff36db-771d-66e9-572a-76536598e31c" testName="WhenHaveReceivedTooMany_ShouldThrow" computerName="CODEO-LT-45" duration="00:00:00.0007429" startTime="2023-09-01T13:52:14.3193907+02:00" endTime="2023-09-01T13:52:14.3201332+02:00" testType="13cdc9d9-ddb5-4fa4-a97d-d965ccfc6d4b" outcome="Passed" testListId="8c84fa94-04c1-424b-9868-57a2d4851a1d" relativeResultsDirectory="cb20a539-002d-457f-b966-c543f9986dd0" />
    <UnitTestResult executionId="2171d56b-c44d-4da3-836a-822bac81b1eb" testId="b6f3cd5c-62be-f090-2789-1b10fef6efc1" testName="WhenHaveReceivedNoneAndExpectingAny_ShouldThrow" computerName="CODEO-LT-45" duration="00:00:00.0024229" startTime="2023-09-01T13:52:14.3140075+02:00" endTime="2023-09-01T13:52:14.3164305+02:00" testType="13cdc9d9-ddb5-4fa4-a97d-d965ccfc6d4b" outcome="Passed" testListId="8c84fa94-04c1-424b-9868-57a2d4851a1d" relativeResultsDirectory="2171d56b-c44d-4da3-836a-822bac81b1eb" />
    <UnitTestResult executionId="73c73146-448f-46a2-857a-ef1ba910613d" testId="80dd9cfa-d9fb-4d9c-7949-c260fbbbb504" testName="ShouldGiveUsefulErrorWhenNotWorkingWithASub" computerName="CODEO-LT-45" duration="00:00:00.0026180" startTime="2023-09-01T13:52:14.2936982+02:00" endTime="2023-09-01T13:52:14.2963162+02:00" testType="13cdc9d9-ddb5-4fa4-a97d-d965ccfc6d4b" outcome="Passed" testListId="8c84fa94-04c1-424b-9868-57a2d4851a1d" relativeResultsDirectory="73c73146-448f-46a2-857a-ef1ba910613d" />
    <UnitTestResult executionId="44ff5b60-4448-446f-b2fe-8b2e901fdfa5" testId="bf1ccb2e-fcfe-1d50-f0b1-deb67dbce257" testName="WhenHaveReceivedAny_ShouldNotThrow" computerName="CODEO-LT-45" duration="00:00:00.0015760" startTime="2023-09-01T13:52:14.3124106+02:00" endTime="2023-09-01T13:52:14.3139865+02:00" testType="13cdc9d9-ddb5-4fa4-a97d-d965ccfc6d4b" outcome="Passed" testListId="8c84fa94-04c1-424b-9868-57a2d4851a1d" relativeResultsDirectory="44ff5b60-4448-446f-b2fe-8b2e901fdfa5" />
  </Results>
  <TestDefinitions>
    <UnitTest name="ShouldFailWhenNegatedAndSubHasReceivedCall" storage="c:\temp\__sandboxes__\1e585743-d5ba-49ed-bcd8-01c5976ee985\src\nexpect.matchers.nsubstitute.tests\bin\debug\net7.0\nexpect.matchers.nsubstitute.tests.dll" id="02318e84-a774-3185-eadc-07007fc372a8">
      <Execution id="a11cab63-1b7d-40fa-a7b5-e058453c6e62" />
      <TestMethod codeBase="C:\Temp\__sandboxes__\1e585743-d5ba-49ed-bcd8-01c5976ee985\src\NExpect.Matchers.NSubstitute.Tests\bin\Debug\net7.0\NExpect.Matchers.NSubstitute.Tests.dll" adapterTypeName="executor://nunit3testexecutor/" className="NExpect.Matchers.NSubstitute.Tests.TestCalledMatchers" name="ShouldFailWhenNegatedAndSubHasReceivedCall" />
    </UnitTest>
    <UnitTest name="ShouldNotTriggerIncompleteAssertions" storage="c:\temp\__sandboxes__\1e585743-d5ba-49ed-bcd8-01c5976ee985\src\nexpect.matchers.nsubstitute.tests\bin\debug\net7.0\nexpect.matchers.nsubstitute.tests.dll" id="07bffc59-74db-9f67-6b1f-79245c16b010">
      <Execution id="8d2b851e-6c46-49a7-a5e3-8a3629fdfeb3" />
      <TestMethod codeBase="C:\Temp\__sandboxes__\1e585743-d5ba-49ed-bcd8-01c5976ee985\src\NExpect.Matchers.NSubstitute.Tests\bin\Debug\net7.0\NExpect.Matchers.NSubstitute.Tests.dll" adapterTypeName="executor://nunit3testexecutor/" className="NExpect.Matchers.NSubstitute.Tests.TestReceivedExtensions" name="ShouldNotTriggerIncompleteAssertions" />
    </UnitTest>
    <UnitTest name="ShouldNotAllowCallCountOnNegation" storage="c:\temp\__sandboxes__\1e585743-d5ba-49ed-bcd8-01c5976ee985\src\nexpect.matchers.nsubstitute.tests\bin\debug\net7.0\nexpect.matchers.nsubstitute.tests.dll" id="7d7c5c27-a246-52f5-c8f4-2c490c3f169d">
      <Execution id="07db4cd6-6e65-4278-9b8f-ac61d3a2462a" />
      <TestMethod codeBase="C:\Temp\__sandboxes__\1e585743-d5ba-49ed-bcd8-01c5976ee985\src\NExpect.Matchers.NSubstitute.Tests\bin\Debug\net7.0\NExpect.Matchers.NSubstitute.Tests.dll" adapterTypeName="executor://nunit3testexecutor/" className="NExpect.Matchers.NSubstitute.Tests.TestReceivedExtensions+WhenNotExpectingToReceive" name="ShouldNotAllowCallCountOnNegation" />
    </UnitTest>
    <UnitTest name="WhenReceivedNone_ShouldNotThrow" storage="c:\temp\__sandboxes__\1e585743-d5ba-49ed-bcd8-01c5976ee985\src\nexpect.matchers.nsubstitute.tests\bin\debug\net7.0\nexpect.matchers.nsubstitute.tests.dll" id="39bcca84-78b5-a5f9-3687-3472d9e837e1">
      <Execution id="9d697844-4643-4003-909f-9d0a415536bf" />
      <TestMethod codeBase="C:\Temp\__sandboxes__\1e585743-d5ba-49ed-bcd8-01c5976ee985\src\NExpect.Matchers.NSubstitute.Tests\bin\Debug\net7.0\NExpect.Matchers.NSubstitute.Tests.dll" adapterTypeName="executor://nunit3testexecutor/" className="NExpect.Matchers.NSubstitute.Tests.TestReceivedExtensions+WhenNotExpectingToReceive" name="WhenReceivedNone_ShouldNotThrow" />
    </UnitTest>
    <UnitTest name="WhenHaveReceivedTheCorrectAmount_ShouldNotThrow" storage="c:\temp\__sandboxes__\1e585743-d5ba-49ed-bcd8-01c5976ee985\src\nexpect.matchers.nsubstitute.tests\bin\debug\net7.0\nexpect.matchers.nsubstitute.tests.dll" id="480ee193-e490-c5c4-5120-0ef5a9622656">
      <Execution id="0dc996e0-f7de-4411-8042-c3d3e6f80f05" />
      <TestMethod codeBase="C:\Temp\__sandboxes__\1e585743-d5ba-49ed-bcd8-01c5976ee985\src\NExpect.Matchers.NSubstitute.Tests\bin\Debug\net7.0\NExpect.Matchers.NSubstitute.Tests.dll" adapterTypeName="executor://nunit3testexecutor/" className="NExpect.Matchers.NSubstitute.Tests.TestReceivedExtensions+WhenExpectingToReceive" name="WhenHaveReceivedTheCorrectAmount_ShouldNotThrow" />
    </UnitTest>
    <UnitTest name="ShouldFailWhenSubHasReceivedNoCalls" storage="c:\temp\__sandboxes__\1e585743-d5ba-49ed-bcd8-01c5976ee985\src\nexpect.matchers.nsubstitute.tests\bin\debug\net7.0\nexpect.matchers.nsubstitute.tests.dll" id="9e048bb1-aec5-c94d-ef8b-c959b38f038c">
      <Execution id="c6d94270-325b-4295-a700-c7c9b0068c9d" />
      <TestMethod codeBase="C:\Temp\__sandboxes__\1e585743-d5ba-49ed-bcd8-01c5976ee985\src\NExpect.Matchers.NSubstitute.Tests\bin\Debug\net7.0\NExpect.Matchers.NSubstitute.Tests.dll" adapterTypeName="executor://nunit3testexecutor/" className="NExpect.Matchers.NSubstitute.Tests.TestCalledMatchers" name="ShouldFailWhenSubHasReceivedNoCalls" />
    </UnitTest>
    <UnitTest name="ShouldPassWhenSubHasReceivedAnyCall" storage="c:\temp\__sandboxes__\1e585743-d5ba-49ed-bcd8-01c5976ee985\src\nexpect.matchers.nsubstitute.tests\bin\debug\net7.0\nexpect.matchers.nsubstitute.tests.dll" id="beec1d74-f0f4-499a-bf7d-ff2c7b25ad63">
      <Execution id="61f22080-2f89-4266-8de4-9b335461ad13" />
      <TestMethod codeBase="C:\Temp\__sandboxes__\1e585743-d5ba-49ed-bcd8-01c5976ee985\src\NExpect.Matchers.NSubstitute.Tests\bin\Debug\net7.0\NExpect.Matchers.NSubstitute.Tests.dll" adapterTypeName="executor://nunit3testexecutor/" className="NExpect.Matchers.NSubstitute.Tests.TestCalledMatchers" name="ShouldPassWhenSubHasReceivedAnyCall" />
    </UnitTest>
    <UnitTest name="WhenHaveReceivedTooFew_ShouldThrow" storage="c:\temp\__sandboxes__\1e585743-d5ba-49ed-bcd8-01c5976ee985\src\nexpect.matchers.nsubstitute.tests\bin\debug\net7.0\nexpect.matchers.nsubstitute.tests.dll" id="2d9af83e-a95f-fa28-1af3-3fa85f1d31ba">
      <Execution id="6bc9a811-0541-43c1-9f8e-43e583d467b2" />
      <TestMethod codeBase="C:\Temp\__sandboxes__\1e585743-d5ba-49ed-bcd8-01c5976ee985\src\NExpect.Matchers.NSubstitute.Tests\bin\Debug\net7.0\NExpect.Matchers.NSubstitute.Tests.dll" adapterTypeName="executor://nunit3testexecutor/" className="NExpect.Matchers.NSubstitute.Tests.TestReceivedExtensions+WhenExpectingToReceive" name="WhenHaveReceivedTooFew_ShouldThrow" />
    </UnitTest>
    <UnitTest name="ShouldGiveUsefulErrorWhenNotWorkingWithASub" storage="c:\temp\__sandboxes__\1e585743-d5ba-49ed-bcd8-01c5976ee985\src\nexpect.matchers.nsubstitute.tests\bin\debug\net7.0\nexpect.matchers.nsubstitute.tests.dll" id="80dd9cfa-d9fb-4d9c-7949-c260fbbbb504">
      <Execution id="73c73146-448f-46a2-857a-ef1ba910613d" />
      <TestMethod codeBase="C:\Temp\__sandboxes__\1e585743-d5ba-49ed-bcd8-01c5976ee985\src\NExpect.Matchers.NSubstitute.Tests\bin\Debug\net7.0\NExpect.Matchers.NSubstitute.Tests.dll" adapterTypeName="executor://nunit3testexecutor/" className="NExpect.Matchers.NSubstitute.Tests.TestCalledMatchers" name="ShouldGiveUsefulErrorWhenNotWorkingWithASub" />
    </UnitTest>
    <UnitTest name="WhenHaveReceivedAny_ShouldNotThrow" storage="c:\temp\__sandboxes__\1e585743-d5ba-49ed-bcd8-01c5976ee985\src\nexpect.matchers.nsubstitute.tests\bin\debug\net7.0\nexpect.matchers.nsubstitute.tests.dll" id="bf1ccb2e-fcfe-1d50-f0b1-deb67dbce257">
      <Execution id="44ff5b60-4448-446f-b2fe-8b2e901fdfa5" />
      <TestMethod codeBase="C:\Temp\__sandboxes__\1e585743-d5ba-49ed-bcd8-01c5976ee985\src\NExpect.Matchers.NSubstitute.Tests\bin\Debug\net7.0\NExpect.Matchers.NSubstitute.Tests.dll" adapterTypeName="executor://nunit3testexecutor/" className="NExpect.Matchers.NSubstitute.Tests.TestReceivedExtensions+WhenExpectingToReceive" name="WhenHaveReceivedAny_ShouldNotThrow" />
    </UnitTest>
    <UnitTest name="WhenHaveReceivedNoneAndExpectingAny_ShouldThrow" storage="c:\temp\__sandboxes__\1e585743-d5ba-49ed-bcd8-01c5976ee985\src\nexpect.matchers.nsubstitute.tests\bin\debug\net7.0\nexpect.matchers.nsubstitute.tests.dll" id="b6f3cd5c-62be-f090-2789-1b10fef6efc1">
      <Execution id="2171d56b-c44d-4da3-836a-822bac81b1eb" />
      <TestMethod codeBase="C:\Temp\__sandboxes__\1e585743-d5ba-49ed-bcd8-01c5976ee985\src\NExpect.Matchers.NSubstitute.Tests\bin\Debug\net7.0\NExpect.Matchers.NSubstitute.Tests.dll" adapterTypeName="executor://nunit3testexecutor/" className="NExpect.Matchers.NSubstitute.Tests.TestReceivedExtensions+WhenExpectingToReceive" name="WhenHaveReceivedNoneAndExpectingAny_ShouldThrow" />
    </UnitTest>
    <UnitTest name="WhenHaveReceivedTooMany_ShouldThrow" storage="c:\temp\__sandboxes__\1e585743-d5ba-49ed-bcd8-01c5976ee985\src\nexpect.matchers.nsubstitute.tests\bin\debug\net7.0\nexpect.matchers.nsubstitute.tests.dll" id="8aff36db-771d-66e9-572a-76536598e31c">
      <Execution id="cb20a539-002d-457f-b966-c543f9986dd0" />
      <TestMethod codeBase="C:\Temp\__sandboxes__\1e585743-d5ba-49ed-bcd8-01c5976ee985\src\NExpect.Matchers.NSubstitute.Tests\bin\Debug\net7.0\NExpect.Matchers.NSubstitute.Tests.dll" adapterTypeName="executor://nunit3testexecutor/" className="NExpect.Matchers.NSubstitute.Tests.TestReceivedExtensions+WhenExpectingToReceive" name="WhenHaveReceivedTooMany_ShouldThrow" />
    </UnitTest>
    <UnitTest name="ShouldPassNegatedWhenSubHasReceivedNoCalls" storage="c:\temp\__sandboxes__\1e585743-d5ba-49ed-bcd8-01c5976ee985\src\nexpect.matchers.nsubstitute.tests\bin\debug\net7.0\nexpect.matchers.nsubstitute.tests.dll" id="2ab46e3a-5b8c-3197-f5e9-09ed1879aa79">
      <Execution id="25527f3c-a037-4fa5-83c0-958842c04889" />
      <TestMethod codeBase="C:\Temp\__sandboxes__\1e585743-d5ba-49ed-bcd8-01c5976ee985\src\NExpect.Matchers.NSubstitute.Tests\bin\Debug\net7.0\NExpect.Matchers.NSubstitute.Tests.dll" adapterTypeName="executor://nunit3testexecutor/" className="NExpect.Matchers.NSubstitute.Tests.TestCalledMatchers" name="ShouldPassNegatedWhenSubHasReceivedNoCalls" />
    </UnitTest>
    <UnitTest name="WhenReceivedSome_ShouldThrow" storage="c:\temp\__sandboxes__\1e585743-d5ba-49ed-bcd8-01c5976ee985\src\nexpect.matchers.nsubstitute.tests\bin\debug\net7.0\nexpect.matchers.nsubstitute.tests.dll" id="226a2a8c-fc02-bab0-468c-225bd73e8efe">
      <Execution id="69bd9903-bfac-4898-8c5b-47f84d9db5b5" />
      <TestMethod codeBase="C:\Temp\__sandboxes__\1e585743-d5ba-49ed-bcd8-01c5976ee985\src\NExpect.Matchers.NSubstitute.Tests\bin\Debug\net7.0\NExpect.Matchers.NSubstitute.Tests.dll" adapterTypeName="executor://nunit3testexecutor/" className="NExpect.Matchers.NSubstitute.Tests.TestReceivedExtensions+WhenNotExpectingToReceive" name="WhenReceivedSome_ShouldThrow" />
    </UnitTest>
  </TestDefinitions>
  <TestEntries>
    <TestEntry testId="2d9af83e-a95f-fa28-1af3-3fa85f1d31ba" executionId="6bc9a811-0541-43c1-9f8e-43e583d467b2" testListId="8c84fa94-04c1-424b-9868-57a2d4851a1d" />
    <TestEntry testId="39bcca84-78b5-a5f9-3687-3472d9e837e1" executionId="9d697844-4643-4003-909f-9d0a415536bf" testListId="8c84fa94-04c1-424b-9868-57a2d4851a1d" />
    <TestEntry testId="226a2a8c-fc02-bab0-468c-225bd73e8efe" executionId="69bd9903-bfac-4898-8c5b-47f84d9db5b5" testListId="8c84fa94-04c1-424b-9868-57a2d4851a1d" />
    <TestEntry testId="beec1d74-f0f4-499a-bf7d-ff2c7b25ad63" executionId="61f22080-2f89-4266-8de4-9b335461ad13" testListId="8c84fa94-04c1-424b-9868-57a2d4851a1d" />
    <TestEntry testId="9e048bb1-aec5-c94d-ef8b-c959b38f038c" executionId="c6d94270-325b-4295-a700-c7c9b0068c9d" testListId="8c84fa94-04c1-424b-9868-57a2d4851a1d" />
    <TestEntry testId="480ee193-e490-c5c4-5120-0ef5a9622656" executionId="0dc996e0-f7de-4411-8042-c3d3e6f80f05" testListId="8c84fa94-04c1-424b-9868-57a2d4851a1d" />
    <TestEntry testId="07bffc59-74db-9f67-6b1f-79245c16b010" executionId="8d2b851e-6c46-49a7-a5e3-8a3629fdfeb3" testListId="8c84fa94-04c1-424b-9868-57a2d4851a1d" />
    <TestEntry testId="2ab46e3a-5b8c-3197-f5e9-09ed1879aa79" executionId="25527f3c-a037-4fa5-83c0-958842c04889" testListId="8c84fa94-04c1-424b-9868-57a2d4851a1d" />
    <TestEntry testId="02318e84-a774-3185-eadc-07007fc372a8" executionId="a11cab63-1b7d-40fa-a7b5-e058453c6e62" testListId="8c84fa94-04c1-424b-9868-57a2d4851a1d" />
    <TestEntry testId="7d7c5c27-a246-52f5-c8f4-2c490c3f169d" executionId="07db4cd6-6e65-4278-9b8f-ac61d3a2462a" testListId="8c84fa94-04c1-424b-9868-57a2d4851a1d" />
    <TestEntry testId="8aff36db-771d-66e9-572a-76536598e31c" executionId="cb20a539-002d-457f-b966-c543f9986dd0" testListId="8c84fa94-04c1-424b-9868-57a2d4851a1d" />
    <TestEntry testId="b6f3cd5c-62be-f090-2789-1b10fef6efc1" executionId="2171d56b-c44d-4da3-836a-822bac81b1eb" testListId="8c84fa94-04c1-424b-9868-57a2d4851a1d" />
    <TestEntry testId="80dd9cfa-d9fb-4d9c-7949-c260fbbbb504" executionId="73c73146-448f-46a2-857a-ef1ba910613d" testListId="8c84fa94-04c1-424b-9868-57a2d4851a1d" />
    <TestEntry testId="bf1ccb2e-fcfe-1d50-f0b1-deb67dbce257" executionId="44ff5b60-4448-446f-b2fe-8b2e901fdfa5" testListId="8c84fa94-04c1-424b-9868-57a2d4851a1d" />
  </TestEntries>
  <TestLists>
    <TestList name="Results Not in a List" id="8c84fa94-04c1-424b-9868-57a2d4851a1d" />
    <TestList name="All Loaded Results" id="19431567-8539-422a-85d7-44ee4e166bda" />
  </TestLists>
  <ResultSummary outcome="Completed">
    <Counters total="14" executed="14" passed="14" failed="0" error="0" timeout="0" aborted="0" inconclusive="0" passedButRunAborted="0" notRunnable="0" notExecuted="0" disconnected="0" warning="0" completed="0" inProgress="0" pending="0" />
    <Output>
      <StdOut>NUnit Adapter 4.5.0.0: Test execution started&#xD;
Running all tests in C:\Temp\__sandboxes__\1e585743-d5ba-49ed-bcd8-01c5976ee985\src\NExpect.Matchers.NSubstitute.Tests\bin\Debug\net7.0\NExpect.Matchers.NSubstitute.Tests.dll&#xD;
   NUnit3TestExecutor discovered 14 of 14 NUnit test cases using Current Discovery mode, Non-Explicit run&#xD;
NUnit Adapter 4.5.0.0: Test execution complete&#xD;
</StdOut>
    </Output>
  </ResultSummary>
</TestRun>