<?xml version="1.0" encoding="utf-8"?>
<TestRun id="35b99598-570a-4f21-81ac-64c3859aafab" name="davyd.mcColl@CODEO-LT-45 2023-09-01 10:12:11" runUser="CLYRAL\davyd.mcColl" xmlns="http://microsoft.com/schemas/VisualStudio/TeamTest/2010">
  <Times creation="2023-09-01T10:12:11.6246625+02:00" queuing="2023-09-01T10:12:11.6246628+02:00" start="2023-09-01T10:12:11.0361751+02:00" finish="2023-09-01T10:12:11.6404684+02:00" />
  <TestSettings name="default" id="2033aff1-b299-44dd-b1f0-10a390f6df48">
    <Deployment runDeploymentRoot="davyd.mcColl_CODEO-LT-45_2023-09-01_10_12_11" />
  </TestSettings>
  <Results>
    <UnitTestResult executionId="9f797f2d-03d7-4f1c-9ee0-7c352e489c0e" testId="bf1ccb2e-fcfe-1d50-f0b1-deb67dbce257" testName="WhenHaveReceivedAny_ShouldNotThrow" computerName="CODEO-LT-45" duration="00:00:00.0010410" startTime="2023-09-01T10:12:11.5604560+02:00" endTime="2023-09-01T10:12:11.5614973+02:00" testType="13cdc9d9-ddb5-4fa4-a97d-d965ccfc6d4b" outcome="Passed" testListId="8c84fa94-04c1-424b-9868-57a2d4851a1d" relativeResultsDirectory="9f797f2d-03d7-4f1c-9ee0-7c352e489c0e" />
    <UnitTestResult executionId="88be7f15-7242-4963-b6f3-7e03535c2d0d" testId="beec1d74-f0f4-499a-bf7d-ff2c7b25ad63" testName="ShouldPassWhenSubHasReceivedAnyCall" computerName="CODEO-LT-45" duration="00:00:00.0011990" startTime="2023-09-01T10:12:11.5493721+02:00" endTime="2023-09-01T10:12:11.5505713+02:00" testType="13cdc9d9-ddb5-4fa4-a97d-d965ccfc6d4b" outcome="Passed" testListId="8c84fa94-04c1-424b-9868-57a2d4851a1d" relativeResultsDirectory="88be7f15-7242-4963-b6f3-7e03535c2d0d" />
    <UnitTestResult executionId="1c12f10a-cf69-426e-a79b-3dc46c2f7f3e" testId="02318e84-a774-3185-eadc-07007fc372a8" testName="ShouldFailWhenNegatedAndSubHasReceivedCall" computerName="CODEO-LT-45" duration="00:00:00.1025840" startTime="2023-09-01T10:12:11.4389866+02:00" endTime="2023-09-01T10:12:11.5415259+02:00" testType="13cdc9d9-ddb5-4fa4-a97d-d965ccfc6d4b" outcome="Passed" testListId="8c84fa94-04c1-424b-9868-57a2d4851a1d" relativeResultsDirectory="1c12f10a-cf69-426e-a79b-3dc46c2f7f3e" />
    <UnitTestResult executionId="d347c198-df53-41bb-828c-16610b0ef157" testId="480ee193-e490-c5c4-5120-0ef5a9622656" testName="WhenHaveReceivedTheCorrectAmount_ShouldNotThrow" computerName="CODEO-LT-45" duration="00:00:00.0008440" startTime="2023-09-01T10:12:11.5632839+02:00" endTime="2023-09-01T10:12:11.5641277+02:00" testType="13cdc9d9-ddb5-4fa4-a97d-d965ccfc6d4b" outcome="Passed" testListId="8c84fa94-04c1-424b-9868-57a2d4851a1d" relativeResultsDirectory="d347c198-df53-41bb-828c-16610b0ef157" />
    <UnitTestResult executionId="a72d28c0-a769-46ad-b91a-c61a5c579319" testId="2ab46e3a-5b8c-3197-f5e9-09ed1879aa79" testName="ShouldPassNegatedWhenSubHasReceivedNoCalls" computerName="CODEO-LT-45" duration="00:00:00.0015490" startTime="2023-09-01T10:12:11.5478076+02:00" endTime="2023-09-01T10:12:11.5493567+02:00" testType="13cdc9d9-ddb5-4fa4-a97d-d965ccfc6d4b" outcome="Passed" testListId="8c84fa94-04c1-424b-9868-57a2d4851a1d" relativeResultsDirectory="a72d28c0-a769-46ad-b91a-c61a5c579319" />
    <UnitTestResult executionId="3b792ca8-a954-423a-abab-ee6c136562b9" testId="39bcca84-78b5-a5f9-3687-3472d9e837e1" testName="WhenReceivedNone_ShouldNotThrow" computerName="CODEO-LT-45" duration="00:00:00.0007429" startTime="2023-09-01T10:12:11.5682406+02:00" endTime="2023-09-01T10:12:11.5689836+02:00" testType="13cdc9d9-ddb5-4fa4-a97d-d965ccfc6d4b" outcome="Passed" testListId="8c84fa94-04c1-424b-9868-57a2d4851a1d" relativeResultsDirectory="3b792ca8-a954-423a-abab-ee6c136562b9" />
    <UnitTestResult executionId="5f826f6e-369b-4519-869b-e723d4723bd6" testId="7d7c5c27-a246-52f5-c8f4-2c490c3f169d" testName="ShouldNotAllowCallCountOnNegation" computerName="CODEO-LT-45" duration="00:00:00.0007919" startTime="2023-09-01T10:12:11.5674354+02:00" endTime="2023-09-01T10:12:11.5682270+02:00" testType="13cdc9d9-ddb5-4fa4-a97d-d965ccfc6d4b" outcome="Passed" testListId="8c84fa94-04c1-424b-9868-57a2d4851a1d" relativeResultsDirectory="5f826f6e-369b-4519-869b-e723d4723bd6" />
    <UnitTestResult executionId="d85d1b75-64d6-4dd9-9c45-c92bcc4b0804" testId="8aff36db-771d-66e9-572a-76536598e31c" testName="WhenHaveReceivedTooMany_ShouldThrow" computerName="CODEO-LT-45" duration="00:00:00.0008590" startTime="2023-09-01T10:12:11.5664786+02:00" endTime="2023-09-01T10:12:11.5673376+02:00" testType="13cdc9d9-ddb5-4fa4-a97d-d965ccfc6d4b" outcome="Passed" testListId="8c84fa94-04c1-424b-9868-57a2d4851a1d" relativeResultsDirectory="d85d1b75-64d6-4dd9-9c45-c92bcc4b0804" />
    <UnitTestResult executionId="df53c430-56bb-470d-b335-3662980185ae" testId="2d9af83e-a95f-fa28-1af3-3fa85f1d31ba" testName="WhenHaveReceivedTooFew_ShouldThrow" computerName="CODEO-LT-45" duration="00:00:00.0022450" startTime="2023-09-01T10:12:11.5641454+02:00" endTime="2023-09-01T10:12:11.5663900+02:00" testType="13cdc9d9-ddb5-4fa4-a97d-d965ccfc6d4b" outcome="Passed" testListId="8c84fa94-04c1-424b-9868-57a2d4851a1d" relativeResultsDirectory="df53c430-56bb-470d-b335-3662980185ae" />
    <UnitTestResult executionId="db8b5b24-bb9b-4c3a-8f43-d4356be9ce71" testId="07bffc59-74db-9f67-6b1f-79245c16b010" testName="ShouldNotTriggerIncompleteAssertions" computerName="CODEO-LT-45" duration="00:00:00.0062800" startTime="2023-09-01T10:12:11.5525518+02:00" endTime="2023-09-01T10:12:11.5588319+02:00" testType="13cdc9d9-ddb5-4fa4-a97d-d965ccfc6d4b" outcome="Passed" testListId="8c84fa94-04c1-424b-9868-57a2d4851a1d" relativeResultsDirectory="db8b5b24-bb9b-4c3a-8f43-d4356be9ce71" />
    <UnitTestResult executionId="0f515b78-d339-4747-9323-5cbc20d8e3a0" testId="80dd9cfa-d9fb-4d9c-7949-c260fbbbb504" testName="ShouldGiveUsefulErrorWhenNotWorkingWithASub" computerName="CODEO-LT-45" duration="00:00:00.0025860" startTime="2023-09-01T10:12:11.5452102+02:00" endTime="2023-09-01T10:12:11.5477958+02:00" testType="13cdc9d9-ddb5-4fa4-a97d-d965ccfc6d4b" outcome="Passed" testListId="8c84fa94-04c1-424b-9868-57a2d4851a1d" relativeResultsDirectory="0f515b78-d339-4747-9323-5cbc20d8e3a0" />
    <UnitTestResult executionId="482214b5-a8fc-451a-9ddf-b2761841d213" testId="9e048bb1-aec5-c94d-ef8b-c959b38f038c" testName="ShouldFailWhenSubHasReceivedNoCalls" computerName="CODEO-LT-45" duration="00:00:00.0024550" startTime="2023-09-01T10:12:11.5427193+02:00" endTime="2023-09-01T10:12:11.5451748+02:00" testType="13cdc9d9-ddb5-4fa4-a97d-d965ccfc6d4b" outcome="Passed" testListId="8c84fa94-04c1-424b-9868-57a2d4851a1d" relativeResultsDirectory="482214b5-a8fc-451a-9ddf-b2761841d213" />
    <UnitTestResult executionId="f9e052c1-534c-4e0f-a922-6172f37c23b2" testId="226a2a8c-fc02-bab0-468c-225bd73e8efe" testName="WhenReceivedSome_ShouldThrow" computerName="CODEO-LT-45" duration="00:00:00.0006460" startTime="2023-09-01T10:12:11.5689956+02:00" endTime="2023-09-01T10:12:11.5696409+02:00" testType="13cdc9d9-ddb5-4fa4-a97d-d965ccfc6d4b" outcome="Passed" testListId="8c84fa94-04c1-424b-9868-57a2d4851a1d" relativeResultsDirectory="f9e052c1-534c-4e0f-a922-6172f37c23b2" />
    <UnitTestResult executionId="1bb0f8a1-5cdc-4aec-8198-e07af89d8ee1" testId="b6f3cd5c-62be-f090-2789-1b10fef6efc1" testName="WhenHaveReceivedNoneAndExpectingAny_ShouldThrow" computerName="CODEO-LT-45" duration="00:00:00.0017510" startTime="2023-09-01T10:12:11.5615153+02:00" endTime="2023-09-01T10:12:11.5632657+02:00" testType="13cdc9d9-ddb5-4fa4-a97d-d965ccfc6d4b" outcome="Passed" testListId="8c84fa94-04c1-424b-9868-57a2d4851a1d" relativeResultsDirectory="1bb0f8a1-5cdc-4aec-8198-e07af89d8ee1" />
  </Results>
  <TestDefinitions>
    <UnitTest name="ShouldFailWhenNegatedAndSubHasReceivedCall" storage="c:\temp\__sandboxes__\49c9e6d0-3930-4459-ab1a-9e561cb358ee\src\nexpect.matchers.nsubstitute.tests\bin\debug\net7.0\nexpect.matchers.nsubstitute.tests.dll" id="02318e84-a774-3185-eadc-07007fc372a8">
      <Execution id="1c12f10a-cf69-426e-a79b-3dc46c2f7f3e" />
      <TestMethod codeBase="C:\Temp\__sandboxes__\49c9e6d0-3930-4459-ab1a-9e561cb358ee\src\NExpect.Matchers.NSubstitute.Tests\bin\Debug\net7.0\NExpect.Matchers.NSubstitute.Tests.dll" adapterTypeName="executor://nunit3testexecutor/" className="NExpect.Matchers.NSubstitute.Tests.TestCalledMatchers" name="ShouldFailWhenNegatedAndSubHasReceivedCall" />
    </UnitTest>
    <UnitTest name="ShouldNotTriggerIncompleteAssertions" storage="c:\temp\__sandboxes__\49c9e6d0-3930-4459-ab1a-9e561cb358ee\src\nexpect.matchers.nsubstitute.tests\bin\debug\net7.0\nexpect.matchers.nsubstitute.tests.dll" id="07bffc59-74db-9f67-6b1f-79245c16b010">
      <Execution id="db8b5b24-bb9b-4c3a-8f43-d4356be9ce71" />
      <TestMethod codeBase="C:\Temp\__sandboxes__\49c9e6d0-3930-4459-ab1a-9e561cb358ee\src\NExpect.Matchers.NSubstitute.Tests\bin\Debug\net7.0\NExpect.Matchers.NSubstitute.Tests.dll" adapterTypeName="executor://nunit3testexecutor/" className="NExpect.Matchers.NSubstitute.Tests.TestReceivedExtensions" name="ShouldNotTriggerIncompleteAssertions" />
    </UnitTest>
    <UnitTest name="ShouldNotAllowCallCountOnNegation" storage="c:\temp\__sandboxes__\49c9e6d0-3930-4459-ab1a-9e561cb358ee\src\nexpect.matchers.nsubstitute.tests\bin\debug\net7.0\nexpect.matchers.nsubstitute.tests.dll" id="7d7c5c27-a246-52f5-c8f4-2c490c3f169d">
      <Execution id="5f826f6e-369b-4519-869b-e723d4723bd6" />
      <TestMethod codeBase="C:\Temp\__sandboxes__\49c9e6d0-3930-4459-ab1a-9e561cb358ee\src\NExpect.Matchers.NSubstitute.Tests\bin\Debug\net7.0\NExpect.Matchers.NSubstitute.Tests.dll" adapterTypeName="executor://nunit3testexecutor/" className="NExpect.Matchers.NSubstitute.Tests.TestReceivedExtensions+WhenNotExpectingToReceive" name="ShouldNotAllowCallCountOnNegation" />
    </UnitTest>
    <UnitTest name="WhenReceivedNone_ShouldNotThrow" storage="c:\temp\__sandboxes__\49c9e6d0-3930-4459-ab1a-9e561cb358ee\src\nexpect.matchers.nsubstitute.tests\bin\debug\net7.0\nexpect.matchers.nsubstitute.tests.dll" id="39bcca84-78b5-a5f9-3687-3472d9e837e1">
      <Execution id="3b792ca8-a954-423a-abab-ee6c136562b9" />
      <TestMethod codeBase="C:\Temp\__sandboxes__\49c9e6d0-3930-4459-ab1a-9e561cb358ee\src\NExpect.Matchers.NSubstitute.Tests\bin\Debug\net7.0\NExpect.Matchers.NSubstitute.Tests.dll" adapterTypeName="executor://nunit3testexecutor/" className="NExpect.Matchers.NSubstitute.Tests.TestReceivedExtensions+WhenNotExpectingToReceive" name="WhenReceivedNone_ShouldNotThrow" />
    </UnitTest>
    <UnitTest name="WhenHaveReceivedTheCorrectAmount_ShouldNotThrow" storage="c:\temp\__sandboxes__\49c9e6d0-3930-4459-ab1a-9e561cb358ee\src\nexpect.matchers.nsubstitute.tests\bin\debug\net7.0\nexpect.matchers.nsubstitute.tests.dll" id="480ee193-e490-c5c4-5120-0ef5a9622656">
      <Execution id="d347c198-df53-41bb-828c-16610b0ef157" />
      <TestMethod codeBase="C:\Temp\__sandboxes__\49c9e6d0-3930-4459-ab1a-9e561cb358ee\src\NExpect.Matchers.NSubstitute.Tests\bin\Debug\net7.0\NExpect.Matchers.NSubstitute.Tests.dll" adapterTypeName="executor://nunit3testexecutor/" className="NExpect.Matchers.NSubstitute.Tests.TestReceivedExtensions+WhenExpectingToReceive" name="WhenHaveReceivedTheCorrectAmount_ShouldNotThrow" />
    </UnitTest>
    <UnitTest name="ShouldFailWhenSubHasReceivedNoCalls" storage="c:\temp\__sandboxes__\49c9e6d0-3930-4459-ab1a-9e561cb358ee\src\nexpect.matchers.nsubstitute.tests\bin\debug\net7.0\nexpect.matchers.nsubstitute.tests.dll" id="9e048bb1-aec5-c94d-ef8b-c959b38f038c">
      <Execution id="482214b5-a8fc-451a-9ddf-b2761841d213" />
      <TestMethod codeBase="C:\Temp\__sandboxes__\49c9e6d0-3930-4459-ab1a-9e561cb358ee\src\NExpect.Matchers.NSubstitute.Tests\bin\Debug\net7.0\NExpect.Matchers.NSubstitute.Tests.dll" adapterTypeName="executor://nunit3testexecutor/" className="NExpect.Matchers.NSubstitute.Tests.TestCalledMatchers" name="ShouldFailWhenSubHasReceivedNoCalls" />
    </UnitTest>
    <UnitTest name="ShouldPassWhenSubHasReceivedAnyCall" storage="c:\temp\__sandboxes__\49c9e6d0-3930-4459-ab1a-9e561cb358ee\src\nexpect.matchers.nsubstitute.tests\bin\debug\net7.0\nexpect.matchers.nsubstitute.tests.dll" id="beec1d74-f0f4-499a-bf7d-ff2c7b25ad63">
      <Execution id="88be7f15-7242-4963-b6f3-7e03535c2d0d" />
      <TestMethod codeBase="C:\Temp\__sandboxes__\49c9e6d0-3930-4459-ab1a-9e561cb358ee\src\NExpect.Matchers.NSubstitute.Tests\bin\Debug\net7.0\NExpect.Matchers.NSubstitute.Tests.dll" adapterTypeName="executor://nunit3testexecutor/" className="NExpect.Matchers.NSubstitute.Tests.TestCalledMatchers" name="ShouldPassWhenSubHasReceivedAnyCall" />
    </UnitTest>
    <UnitTest name="WhenHaveReceivedTooFew_ShouldThrow" storage="c:\temp\__sandboxes__\49c9e6d0-3930-4459-ab1a-9e561cb358ee\src\nexpect.matchers.nsubstitute.tests\bin\debug\net7.0\nexpect.matchers.nsubstitute.tests.dll" id="2d9af83e-a95f-fa28-1af3-3fa85f1d31ba">
      <Execution id="df53c430-56bb-470d-b335-3662980185ae" />
      <TestMethod codeBase="C:\Temp\__sandboxes__\49c9e6d0-3930-4459-ab1a-9e561cb358ee\src\NExpect.Matchers.NSubstitute.Tests\bin\Debug\net7.0\NExpect.Matchers.NSubstitute.Tests.dll" adapterTypeName="executor://nunit3testexecutor/" className="NExpect.Matchers.NSubstitute.Tests.TestReceivedExtensions+WhenExpectingToReceive" name="WhenHaveReceivedTooFew_ShouldThrow" />
    </UnitTest>
    <UnitTest name="ShouldGiveUsefulErrorWhenNotWorkingWithASub" storage="c:\temp\__sandboxes__\49c9e6d0-3930-4459-ab1a-9e561cb358ee\src\nexpect.matchers.nsubstitute.tests\bin\debug\net7.0\nexpect.matchers.nsubstitute.tests.dll" id="80dd9cfa-d9fb-4d9c-7949-c260fbbbb504">
      <Execution id="0f515b78-d339-4747-9323-5cbc20d8e3a0" />
      <TestMethod codeBase="C:\Temp\__sandboxes__\49c9e6d0-3930-4459-ab1a-9e561cb358ee\src\NExpect.Matchers.NSubstitute.Tests\bin\Debug\net7.0\NExpect.Matchers.NSubstitute.Tests.dll" adapterTypeName="executor://nunit3testexecutor/" className="NExpect.Matchers.NSubstitute.Tests.TestCalledMatchers" name="ShouldGiveUsefulErrorWhenNotWorkingWithASub" />
    </UnitTest>
    <UnitTest name="WhenHaveReceivedAny_ShouldNotThrow" storage="c:\temp\__sandboxes__\49c9e6d0-3930-4459-ab1a-9e561cb358ee\src\nexpect.matchers.nsubstitute.tests\bin\debug\net7.0\nexpect.matchers.nsubstitute.tests.dll" id="bf1ccb2e-fcfe-1d50-f0b1-deb67dbce257">
      <Execution id="9f797f2d-03d7-4f1c-9ee0-7c352e489c0e" />
      <TestMethod codeBase="C:\Temp\__sandboxes__\49c9e6d0-3930-4459-ab1a-9e561cb358ee\src\NExpect.Matchers.NSubstitute.Tests\bin\Debug\net7.0\NExpect.Matchers.NSubstitute.Tests.dll" adapterTypeName="executor://nunit3testexecutor/" className="NExpect.Matchers.NSubstitute.Tests.TestReceivedExtensions+WhenExpectingToReceive" name="WhenHaveReceivedAny_ShouldNotThrow" />
    </UnitTest>
    <UnitTest name="WhenHaveReceivedNoneAndExpectingAny_ShouldThrow" storage="c:\temp\__sandboxes__\49c9e6d0-3930-4459-ab1a-9e561cb358ee\src\nexpect.matchers.nsubstitute.tests\bin\debug\net7.0\nexpect.matchers.nsubstitute.tests.dll" id="b6f3cd5c-62be-f090-2789-1b10fef6efc1">
      <Execution id="1bb0f8a1-5cdc-4aec-8198-e07af89d8ee1" />
      <TestMethod codeBase="C:\Temp\__sandboxes__\49c9e6d0-3930-4459-ab1a-9e561cb358ee\src\NExpect.Matchers.NSubstitute.Tests\bin\Debug\net7.0\NExpect.Matchers.NSubstitute.Tests.dll" adapterTypeName="executor://nunit3testexecutor/" className="NExpect.Matchers.NSubstitute.Tests.TestReceivedExtensions+WhenExpectingToReceive" name="WhenHaveReceivedNoneAndExpectingAny_ShouldThrow" />
    </UnitTest>
    <UnitTest name="WhenHaveReceivedTooMany_ShouldThrow" storage="c:\temp\__sandboxes__\49c9e6d0-3930-4459-ab1a-9e561cb358ee\src\nexpect.matchers.nsubstitute.tests\bin\debug\net7.0\nexpect.matchers.nsubstitute.tests.dll" id="8aff36db-771d-66e9-572a-76536598e31c">
      <Execution id="d85d1b75-64d6-4dd9-9c45-c92bcc4b0804" />
      <TestMethod codeBase="C:\Temp\__sandboxes__\49c9e6d0-3930-4459-ab1a-9e561cb358ee\src\NExpect.Matchers.NSubstitute.Tests\bin\Debug\net7.0\NExpect.Matchers.NSubstitute.Tests.dll" adapterTypeName="executor://nunit3testexecutor/" className="NExpect.Matchers.NSubstitute.Tests.TestReceivedExtensions+WhenExpectingToReceive" name="WhenHaveReceivedTooMany_ShouldThrow" />
    </UnitTest>
    <UnitTest name="ShouldPassNegatedWhenSubHasReceivedNoCalls" storage="c:\temp\__sandboxes__\49c9e6d0-3930-4459-ab1a-9e561cb358ee\src\nexpect.matchers.nsubstitute.tests\bin\debug\net7.0\nexpect.matchers.nsubstitute.tests.dll" id="2ab46e3a-5b8c-3197-f5e9-09ed1879aa79">
      <Execution id="a72d28c0-a769-46ad-b91a-c61a5c579319" />
      <TestMethod codeBase="C:\Temp\__sandboxes__\49c9e6d0-3930-4459-ab1a-9e561cb358ee\src\NExpect.Matchers.NSubstitute.Tests\bin\Debug\net7.0\NExpect.Matchers.NSubstitute.Tests.dll" adapterTypeName="executor://nunit3testexecutor/" className="NExpect.Matchers.NSubstitute.Tests.TestCalledMatchers" name="ShouldPassNegatedWhenSubHasReceivedNoCalls" />
    </UnitTest>
    <UnitTest name="WhenReceivedSome_ShouldThrow" storage="c:\temp\__sandboxes__\49c9e6d0-3930-4459-ab1a-9e561cb358ee\src\nexpect.matchers.nsubstitute.tests\bin\debug\net7.0\nexpect.matchers.nsubstitute.tests.dll" id="226a2a8c-fc02-bab0-468c-225bd73e8efe">
      <Execution id="f9e052c1-534c-4e0f-a922-6172f37c23b2" />
      <TestMethod codeBase="C:\Temp\__sandboxes__\49c9e6d0-3930-4459-ab1a-9e561cb358ee\src\NExpect.Matchers.NSubstitute.Tests\bin\Debug\net7.0\NExpect.Matchers.NSubstitute.Tests.dll" adapterTypeName="executor://nunit3testexecutor/" className="NExpect.Matchers.NSubstitute.Tests.TestReceivedExtensions+WhenNotExpectingToReceive" name="WhenReceivedSome_ShouldThrow" />
    </UnitTest>
  </TestDefinitions>
  <TestEntries>
    <TestEntry testId="bf1ccb2e-fcfe-1d50-f0b1-deb67dbce257" executionId="9f797f2d-03d7-4f1c-9ee0-7c352e489c0e" testListId="8c84fa94-04c1-424b-9868-57a2d4851a1d" />
    <TestEntry testId="beec1d74-f0f4-499a-bf7d-ff2c7b25ad63" executionId="88be7f15-7242-4963-b6f3-7e03535c2d0d" testListId="8c84fa94-04c1-424b-9868-57a2d4851a1d" />
    <TestEntry testId="02318e84-a774-3185-eadc-07007fc372a8" executionId="1c12f10a-cf69-426e-a79b-3dc46c2f7f3e" testListId="8c84fa94-04c1-424b-9868-57a2d4851a1d" />
    <TestEntry testId="480ee193-e490-c5c4-5120-0ef5a9622656" executionId="d347c198-df53-41bb-828c-16610b0ef157" testListId="8c84fa94-04c1-424b-9868-57a2d4851a1d" />
    <TestEntry testId="2ab46e3a-5b8c-3197-f5e9-09ed1879aa79" executionId="a72d28c0-a769-46ad-b91a-c61a5c579319" testListId="8c84fa94-04c1-424b-9868-57a2d4851a1d" />
    <TestEntry testId="39bcca84-78b5-a5f9-3687-3472d9e837e1" executionId="3b792ca8-a954-423a-abab-ee6c136562b9" testListId="8c84fa94-04c1-424b-9868-57a2d4851a1d" />
    <TestEntry testId="7d7c5c27-a246-52f5-c8f4-2c490c3f169d" executionId="5f826f6e-369b-4519-869b-e723d4723bd6" testListId="8c84fa94-04c1-424b-9868-57a2d4851a1d" />
    <TestEntry testId="8aff36db-771d-66e9-572a-76536598e31c" executionId="d85d1b75-64d6-4dd9-9c45-c92bcc4b0804" testListId="8c84fa94-04c1-424b-9868-57a2d4851a1d" />
    <TestEntry testId="2d9af83e-a95f-fa28-1af3-3fa85f1d31ba" executionId="df53c430-56bb-470d-b335-3662980185ae" testListId="8c84fa94-04c1-424b-9868-57a2d4851a1d" />
    <TestEntry testId="07bffc59-74db-9f67-6b1f-79245c16b010" executionId="db8b5b24-bb9b-4c3a-8f43-d4356be9ce71" testListId="8c84fa94-04c1-424b-9868-57a2d4851a1d" />
    <TestEntry testId="80dd9cfa-d9fb-4d9c-7949-c260fbbbb504" executionId="0f515b78-d339-4747-9323-5cbc20d8e3a0" testListId="8c84fa94-04c1-424b-9868-57a2d4851a1d" />
    <TestEntry testId="9e048bb1-aec5-c94d-ef8b-c959b38f038c" executionId="482214b5-a8fc-451a-9ddf-b2761841d213" testListId="8c84fa94-04c1-424b-9868-57a2d4851a1d" />
    <TestEntry testId="226a2a8c-fc02-bab0-468c-225bd73e8efe" executionId="f9e052c1-534c-4e0f-a922-6172f37c23b2" testListId="8c84fa94-04c1-424b-9868-57a2d4851a1d" />
    <TestEntry testId="b6f3cd5c-62be-f090-2789-1b10fef6efc1" executionId="1bb0f8a1-5cdc-4aec-8198-e07af89d8ee1" testListId="8c84fa94-04c1-424b-9868-57a2d4851a1d" />
  </TestEntries>
  <TestLists>
    <TestList name="Results Not in a List" id="8c84fa94-04c1-424b-9868-57a2d4851a1d" />
    <TestList name="All Loaded Results" id="19431567-8539-422a-85d7-44ee4e166bda" />
  </TestLists>
  <ResultSummary outcome="Completed">
    <Counters total="14" executed="14" passed="14" failed="0" error="0" timeout="0" aborted="0" inconclusive="0" passedButRunAborted="0" notRunnable="0" notExecuted="0" disconnected="0" warning="0" completed="0" inProgress="0" pending="0" />
    <Output>
      <StdOut>NUnit Adapter 4.5.0.0: Test execution started&#xD;
Running all tests in C:\Temp\__sandboxes__\49c9e6d0-3930-4459-ab1a-9e561cb358ee\src\NExpect.Matchers.NSubstitute.Tests\bin\Debug\net7.0\NExpect.Matchers.NSubstitute.Tests.dll&#xD;
   NUnit3TestExecutor discovered 14 of 14 NUnit test cases using Current Discovery mode, Non-Explicit run&#xD;
NUnit Adapter 4.5.0.0: Test execution complete&#xD;
</StdOut>
    </Output>
  </ResultSummary>
</TestRun>